[2026-05-31 16:22:22] ============================================
[2026-05-31 16:22:22] Watch-and-Push started
[2026-05-31 16:22:22] Watching: D:\File\Myobsidian
[2026-05-31 16:22:22] Debounce: 10s
[2026-05-31 16:22:22] Log: D:\File\Myobsidian\scripts\watch-and-push.log
[2026-05-31 16:22:22] ============================================
[2026-05-31 16:22:22] Watcher is running. Press Ctrl+C to stop.
[2026-05-31 16:22:24] Watch-and-Push stopped.
[2026-05-31 16:23:09] ============================================
[2026-05-31 16:23:09] Watch-and-Push started (polling mode)
[2026-05-31 16:23:09] Watching: D:\File\Myobsidian
[2026-05-31 16:23:09] Poll interval: 5s
[2026-05-31 16:23:09] Debounce: 10s
[2026-05-31 16:23:09] Log: D:\File\Myobsidian\scripts\watch-and-push.log
[2026-05-31 16:23:09] ============================================
[2026-05-31 16:24:04] ============================================
[2026-05-31 16:24:04] Watch-and-Push started (polling mode)
[2026-05-31 16:24:04] Watching: D:\File\Myobsidian
[2026-05-31 16:24:04] Poll interval: 5s
[2026-05-31 16:24:04] Debounce: 5s
[2026-05-31 16:24:04] Log: D:\File\Myobsidian\scripts\watch-and-push.log
[2026-05-31 16:24:04] ============================================
[2026-05-31 16:24:09] Changes detected. Waiting 5s for more...
[2026-05-31 16:24:14] Debounce elapsed. Committing and pushing...
